<html>
<body>
<pre>
<h1>µVision Build Log</h1>
<h2>Tool Versions:</h2>
IDE-Version: µVision V5.25.2.0
Copyright (C) 2018 ARM Ltd and ARM Germany GmbH. All rights reserved.
License Information: Minh Tuan Pham, tuanti1997qn, LIC=FQQDY-III25-D1KPR-K9W30-QY6ST-EPV3C
 
Tool Versions:
Toolchain:       MDK-ARM Professional  Version: 5.25.2.0
Toolchain Path:  C:\Keil_v5\ARM\ARMCC\Bin
C Compiler:      Armcc.exe V5.06 update 6 (build 750)
Assembler:       Armasm.exe V5.06 update 6 (build 750)
Linker/Locator:  ArmLink.exe V5.06 update 6 (build 750)
Library Manager: ArmAr.exe V5.06 update 6 (build 750)
Hex Converter:   FromElf.exe V5.06 update 6 (build 750)
CPU DLL:         SARMCM3.DLL V5.25.2.0
Dialog DLL:      DCM.DLL V1.17.1.0
Target DLL:      STLink\ST-LINKIII-KEIL_SWO.dll V3.0.1.0
Dialog DLL:      TCM.DLL V1.35.1.0
 
<h2>Project:</h2>
D:\Project\stm32f4_yeu_lai_tu_dau\blablacaixe\blablacaixe\MDK-ARM\test.uvprojx
Project File Date:  05/23/2018

<h2>Output:</h2>
*** Using Compiler 'V5.06 update 6 (build 750)', folder: 'C:\Keil_v5\ARM\ARMCC\Bin'
Build target 'baitaplon'
compiling state_machine.c...
..\Libraries\component_drivers\inc\i2c.h(17): warning:  #1-D: last line of file ends without a newline
  #endif
..\Libraries\component_drivers\inc\timer.h(15): warning:  #1-D: last line of file ends without a newline
  #endif
..\Libraries\component_drivers\inc\PWM.h(14): warning:  #1-D: last line of file ends without a newline
  #endif
..\Libraries\component_drivers\inc\encoder.h(27): warning:  #1-D: last line of file ends without a newline
  #endif
..\Libraries\component_drivers\inc\debug.h(16): warning:  #1-D: last line of file ends without a newline
  #endif
..\Libraries\component_drivers\inc\gpio.h(8): warning:  #1-D: last line of file ends without a newline
  #endif
..\Libraries\service_modules\inc\mpu6050.h(28): warning:  #1295-D: Deprecated declaration v_Init_Mpu6050 - give arg types
  void v_Init_Mpu6050();
..\Libraries\service_modules\inc\mpu6050.h(32): warning:  #1-D: last line of file ends without a newline
  #endif /* __MPU6050_H */
..\Libraries\service_modules\inc\kalman_filter.h(24): warning:  #1-D: last line of file ends without a newline
  #endif
..\Libraries\service_modules\inc\PID.h(18): warning:  #1-D: last line of file ends without a newline
  #endif
..\Libraries\aplication modules\inc\state_machine.h(15): warning:  #1-D: last line of file ends without a newline
  #endif
..\Libraries\aplication modules\inc\state_machine.h(15): warning:  #1-D: last line of file ends without a newline
  #endif
..\Libraries\aplication modules\src\state_machine.c(8): warning:  #223-D: function "sprintf" declared implicitly
      sprintf(txbuff,"%d\n",i32_GetPosition());
..\Libraries\aplication modules\src\state_machine.c(10): warning:  #167-D: argument of type "int8_t *" is incompatible with parameter of type "const char *"
      DMA1_Stream4->NDTR = strlen(txbuff);
..\Libraries\aplication modules\src\state_machine.c(32): warning:  #1-D: last line of file ends without a newline
  }
..\Libraries\aplication modules\src\state_machine.c: 15 warnings, 0 errors
linking...
Program Size: Code=5672 RO-data=424 RW-data=68 ZI-data=1084  
FromELF: creating hex file...
".\Project\test.axf" - 0 Error(s), 15 Warning(s).

<h2>Software Packages used:</h2>

Package Vendor: ARM
                http://www.keil.com/pack/ARM.CMSIS.5.3.0.pack
                ARM.CMSIS.5.3.0
                CMSIS (Cortex Microcontroller Software Interface Standard)
   * Component: CORE Version: 5.1.1

Package Vendor: Keil
                http://www.keil.com/pack/Keil.STM32F4xx_DFP.2.13.0.pack
                Keil.STM32F4xx_DFP.2.13.0
                STMicroelectronics STM32F4 Series Device Support, Drivers and Examples

<h2>Collection of Component include folders:</h2>
  .\RTE\_baitaplon
  C:\Keil_v5\ARM\PACK\ARM\CMSIS\5.3.0\CMSIS\Include
  C:\Keil_v5\ARM\PACK\Keil\STM32F4xx_DFP\2.13.0\Drivers\CMSIS\Device\ST\STM32F4xx\Include

<h2>Collection of Component Files used:</h2>

   * Component: ARM::CMSIS:CORE:5.1.1
Build Time Elapsed:  00:00:01
</pre>
</body>
</html>
