<html>
<body>
<pre>
<h1>µVision Build Log</h1>
<h2>Tool Versions:</h2>
IDE-Version: µVision V5.25.2.0
Copyright (C) 2018 ARM Ltd and ARM Germany GmbH. All rights reserved.
License Information: Minh Tuan Pham, tuanti1997qn, LIC=FQQDY-III25-D1KPR-K9W30-QY6ST-EPV3C
 
Tool Versions:
Toolchain:       MDK-ARM Professional  Version: 5.25.2.0
Toolchain Path:  C:\Keil_v5\ARM\ARMCC\Bin
C Compiler:      Armcc.exe V5.06 update 6 (build 750)
Assembler:       Armasm.exe V5.06 update 6 (build 750)
Linker/Locator:  ArmLink.exe V5.06 update 6 (build 750)
Library Manager: ArmAr.exe V5.06 update 6 (build 750)
Hex Converter:   FromElf.exe V5.06 update 6 (build 750)
CPU DLL:         SARMCM3.DLL V5.25.2.0
Dialog DLL:      DCM.DLL V1.17.1.0
Target DLL:      STLink\ST-LINKIII-KEIL_SWO.dll V3.0.1.0
Dialog DLL:      TCM.DLL V1.35.1.0
 
<h2>Project:</h2>
D:\Project\stm32f4_yeu_lai_tu_dau\blablacaixe\blablacaixe\MDK-ARM\test.uvprojx
Project File Date:  05/24/2018

<h2>Output:</h2>
*** Using Compiler 'V5.06 update 6 (build 750)', folder: 'C:\Keil_v5\ARM\ARMCC\Bin'
Build target 'baitaplon'
compiling main.c...
..\Libraries\component_drivers\inc\i2c.h(17): warning:  #1-D: last line of file ends without a newline
  #endif
..\Libraries\component_drivers\inc\timer.h(15): warning:  #1-D: last line of file ends without a newline
  #endif
..\Libraries\component_drivers\inc\PWM.h(14): warning:  #1-D: last line of file ends without a newline
  #endif
..\Libraries\component_drivers\inc\encoder.h(28): warning:  #1-D: last line of file ends without a newline
  #endif
..\Libraries\component_drivers\inc\debug.h(16): warning:  #1-D: last line of file ends without a newline
  #endif
..\Libraries\component_drivers\inc\gpio.h(8): warning:  #1-D: last line of file ends without a newline
  #endif
..\Libraries\aplication modules\inc\state_machine.h(15): warning:  #1-D: last line of file ends without a newline
  #endif
..\main.c(26): warning:  #111-D: statement is unreachable
  	return 0;
  #1-D: last line of file ends without a newline
  #endif /* __MPU6050_H */
..\Libraries\service_modules\inc\kalman_filter.h(24): warning:  #1-D: last line of file ends without a newline
  #endif
..\Libraries\service_modules\inc\PID.h(19): warning:  #1-D: last line of file ends without a newline
  #endif
..\main.c: 12 warnings, 0 errors
compiling timer.c...
..\Libraries\component_drivers\inc\i2c.h(17): warning:  #1-D: last line of file ends without a newline
  #endif
..\Libraries\component_drivers\inc\timer.h(15): warning:  #1-D: last line of file ends without a newline
  #endif
..\Libraries\component_drivers\inc\PWM.h(14): warning:  #1-D: last line of file ends without a newline
  #endif
..\Libraries\component_drivers\inc\encoder.h(28): warning:  #1-D: last line of file ends without a newline
  #endif
..\Libraries\component_drivers\inc\debug.h(16): warning:  #1-D: last line of file ends without a newline
  #endif
..\Libraries\component_drivers\inc\gpio.h(8): warning:  #1-D: last line of file ends without a newline
  #endif
..\Libraries\service_modules\inc\mpu6050.h(28): warning:  #1295-D: Deprecated declaration v_Init_Mpu6050 - give arg types
  void v_Init_Mpu6050();
..\Libraries\service_modules\inc\mpu6050.h(32): warning:  #1-D: last line of file ends without a newline
  #endif /* __MPU6050_H */
..\Libraries\service_modules\inc\kalman_filter.h(24): warning:  #1-D: last line of file ends without a newline
  #endif
..\Libraries\service_modules\inc\PID.h(19): warning:  #1-D: last line of file ends without a newline
  #endif
..\Libraries\aplication modules\inc\state_machine.h(15): warning:  #1-D: last line of file ends without a newline
  #endif
..\Libraries\component_drivers\inc\timer.h(15): warning:  #1-D: last line of file ends without a newline
  #endif
..\Libraries\component_drivers\src\timer.c(50): warning:  #1-D: last line of file ends without a newline
  }*/
..\Libraries\component_drivers\src\timer.c: 13 warnings, 0 errors
compiling uart.c...
..\Libraries\component_drivers\inc\i2c.h(17): warning:  #1-D: last line of file ends without a newline
  #endif
..\Libraries\component_drivers\inc\timer.h(15): warning:  #1-D: last line of file ends without a newline
  #endif
..\Libraries\component_drivers\inc\PWM.h(14): warning:  #1-D: last line of file ends without a newline
  #endif
..\Libraries\component_drivers\inc\encoder.h(28): warning:  #1-D: last line of file ends without a newline
  #endif
..\Libraries\component_drivers\inc\debug.h(16): warning:  #1-D: last line of file ends without a newline
  #endif
..\Libraries\component_drivers\inc\gpio.h(8): warning:  #1-D: last line of file ends without a newline
  #endif
..\Libraries\service_modules\inc\mpu6050.h(28): warning:  #1295-D: Deprecated declaration v_Init_Mpu6050 - give arg types
  void v_Init_Mpu6050();
..\Libraries\service_modules\inc\mpu6050.h(32): warning:  #1-D: last line of file ends without a newline
  #endif /* __MPU6050_H */
..\Libraries\service_modules\inc\kalman_filter.h(24): warning:  #1-D: last line of file ends without a newline
  #endif
..\Libraries\service_modules\inc\PID.h(19): warning:  #1-D: last line of file ends without a newline
  #endif
..\Libraries\aplication modules\inc\state_machine.h(15): warning:  #1-D: last line of file ends without a newline
  #endif
..\Libraries\component_drivers\src\uart.c(182): warning:  #1-D: last line of file ends without a newline
  }
..\Libraries\component_drivers\src\uart.c: 12 warnings, 0 errors
compiling encoder.c...
..\Libraries\component_drivers\inc\i2c.h(17): warning:  #1-D: last line of file ends without a newline
  #endif
..\Libraries\component_drivers\inc\timer.h(15): warning:  #1-D: last line of file ends without a newline
  #endif
..\Libraries\component_drivers\inc\PWM.h(14): warning:  #1-D: last line of file ends without a newline
  #endif
..\Libraries\component_drivers\inc\encoder.h(28): warning:  #1-D: last line of file ends without a newline
  #endif
..\Libraries\component_drivers\inc\debug.h(16): warning:  #1-D: last line of file ends without a newline
  #endif
..\Libraries\component_drivers\inc\gpio.h(8): warning:  #1-D: last line of file ends without a newline
  #endif
..\Libraries\service_modules\inc\mpu6050.h(28): warning:  #1295-D: Deprecated declaration v_Init_Mpu6050 - give arg types
  void v_Init_Mpu6050();
..\Libraries\service_modules\inc\mpu6050.h(32): warning:  #1-D: last line of file ends without a newline
  #endif /* __MPU6050_H */
..\Libraries\service_modules\inc\kalman_filter.h(24): warning:  #1-D: last line of file ends without a newline
  #endif
..\Libraries\service_modules\inc\PID.h(19): warning:  #1-D: last line of file ends without a newline
  #endif
..\Libraries\aplication modules\inc\state_machine.h(15): warning:  #1-D: last line of file ends without a newline
  #endif
..\Libraries\component_drivers\inc\encoder.h(28): warning:  #1-D: last line of file ends without a newline
  #endif
..\Libraries\component_drivers\src\encoder.c(107): warning:  #1-D: last line of file ends without a newline
  #endif
..\Libraries\component_drivers\src\encoder.c: 13 warnings, 0 errors
compiling PWM.c...
..\Libraries\component_drivers\inc\i2c.h(17): warning:  #1-D: last line of file ends without a newline
  #endif
..\Libraries\component_drivers\inc\timer.h(15): warning:  #1-D: last line of file ends without a newline
  #endif
..\Libraries\component_drivers\inc\PWM.h(14): warning:  #1-D: last line of file ends without a newline
  #endif
..\Libraries\component_drivers\inc\encoder.h(28): warning:  #1-D: last line of file ends without a newline
  #endif
..\Libraries\component_drivers\inc\debug.h(16): warning:  #1-D: last line of file ends without a newline
  #endif
..\Libraries\component_drivers\inc\gpio.h(8): warning:  #1-D: last line of file ends without a newline
  #endif
..\Libraries\aplication modules\inc\state_machine.h(15): warning:  #1-D: last line of file ends without a newline
  #endif
..\Libraries\component_drivers\inc\PWM.h(14): warning:  #1-D: last line of file ends without a newline
  #endif
ne
  #endif /* __MPU6050_H */
..\Libraries\service_modules\inc\kalman_filter.h(24): warning:  #1-D: last line of file ends without a newline
  #endif
..\Libraries\service_modules\inc\PID.h(19): warning:  #1-D: last line of file ends without a newline
  #endif
..\Libraries\component_drivers\src\PWM.c: 12 warnings, 0 errors
compiling i2c.c...
..\Libraries\component_drivers\inc\i2c.h(17): warning:  #1-D: last line of file ends without a newline
  #endif
..\Libraries\component_drivers\inc\timer.h(15): warning:  #1-D: last line of file ends without a newline
  #endif
..\Libraries\component_drivers\inc\PWM.h(14): warning:  #1-D: last line of file ends without a newline
  #endif
..\Libraries\component_drivers\inc\encoder.h(28): warning:  #1-D: last line of file ends without a newline
  #endif
..\Libraries\component_drivers\inc\debug.h(16): warning:  #1-D: last line of file ends without a newline
  #endif
..\Libraries\component_drivers\inc\gpio.h(8): warning:  #1-D: last line of file ends without a newline
  #endif
..\Libraries\service_modules\inc\mpu6050.h(28): warning:  #1295-D: Deprecated declaration v_Init_Mpu6050 - give arg types
  void v_Init_Mpu6050();
..\Libraries\service_modules\inc\mpu6050.h(32): warning:  #1-D: last line of file ends without a newline
  #endif /* __MPU6050_H */
..\Libraries\service_modules\inc\kalman_filter.h(24): warning:  #1-D: last line of file ends without a newline
  #endif
..\Libraries\service_modules\inc\PID.h(19): warning:  #1-D: last line of file ends without a newline
  #endif
..\Libraries\aplication modules\inc\state_machine.h(15): warning:  #1-D: last line of file ends without a newline
  #endif
..\Libraries\component_drivers\inc\i2c.h(17): warning:  #1-D: last line of file ends without a newline
  #endif
..\Libraries\component_drivers\src\i2c.c(209): warning:  #1-D: last line of file ends without a newline
  }
..\Libraries\component_drivers\src\i2c.c: 13 warnings, 0 errors
compiling debug.c...
..\Libraries\component_drivers\inc\i2c.h(17): warning:  #1-D: last line of file ends without a newline
  #endif
..\Libraries\component_drivers\inc\timer.h(15): warning:  #1-D: last line of file ends without a newline
  #endif
..\Libraries\component_drivers\inc\PWM.h(14): warning:  #1-D: last line of file ends without a newline
  #endif
..\Libraries\component_drivers\inc\encoder.h(28): warning:  #1-D: last line of file ends without a newline
  #endif
..\Libraries\component_drivers\inc\debug.h(16): warning:  #1-D: last line of file ends without a newline
  #endif
..\Libraries\component_drivers\inc\gpio.h(8): warning:  #1-D: last line of file ends without a newline
  #endif
..\Libraries\service_modules\inc\mpu6050.h(28): warning:  #1295-D: Deprecated declaration v_Init_Mpu6050 - give arg types
  void v_Init_Mpu6050();
..\Libraries\service_modules\inc\mpu6050.h(32): warning:  #1-D: last line of file ends without a newline
  #endif /* __MPU6050_H */
..\Libraries\service_modules\inc\kalman_filter.h(24): warning:  #1-D: last line of file ends without a newline
  #endif
..\Libraries\service_modules\inc\PID.h(19): warning:  #1-D: last line of file ends without a newline
  #endif
..\Libraries\aplication modules\inc\state_machine.h(15): warning:  #1-D: last line of file ends without a newline
  #endif
..\Libraries\component_drivers\inc\debug.h(16): warning:  #1-D: last line of file ends without a newline
  #endif
..\Libraries\component_drivers\src\debug.c(19): warning:  #1-D: last line of file ends without a newline
  }
..\Libraries\component_drivers\src\debug.c: 13 warnings, 0 errors
compiling gpio.c...
..\Libraries\component_drivers\inc\i2c.h(17): warning:  #1-D: last line of file ends without a newline
  #endif
..\Libraries\component_drivers\inc\timer.h(15): warning:  #1-D: last line of file ends without a newline
  #endif
..\Libraries\component_drivers\inc\PWM.h(14): warning:  #1-D: last line of file ends without a newline
  #endif
..\Libraries\component_drivers\inc\encoder.h(28): warning:  #1-D: last line of file ends without a newline
  #endif
..\Libraries\component_drivers\inc\debug.h(16): warning:  #1-D: last line of file ends without a newline
  #endif
..\Libraries\component_drivers\inc\gpio.h(8): warning:  #1-D: last line of file ends without a newline
  #endif
..\Libraries\service_modules\inc\mpu6050.h(28): warning:  #1295-D: Deprecated declaration v_Init_Mpu6050 - give arg types
  void v_Init_Mpu6050();
..\Libraries\service_modules\inc\mpu6050.h(32): warning:  #1-D: last line of file ends without a newline
  #endif /* __MPU6050_H */
..\Libraries\service_modules\inc\kalman_filter.h(24): warning:  #1-D: last line of file ends without a newline
  #endif
..\Libraries\service_modules\inc\PID.h(19): warning:  #1-D: last line of file ends without a newline
  #endif
..\Libraries\aplication modules\inc\state_machine.h(15): warning:  #1-D: last line of file ends without a newline
  #endif
..\Libraries\component_drivers\inc\gpio.h(8): warning:  #1-D: last line of file ends without a newline
  #endif
..\Libraries\component_drivers\src\gpio.c(22): warning:  #1-D: last line of file ends without a newline
  }
..\Libraries\component_drivers\src\gpio.c: 13 warnings, 0 errors
compiling PID.c...
..\Libraries\component_drivers\inc\i2c.h(17): warning:  #1-D: last line of file ends without a newline
  #endif
..\Libraries\component_drivers\inc\timer.h(15): warning:  #1-D: last line of file ends without a newline
  #endif
..\Libraries\component_drivers\inc\PWM.h(14): warning:  #1-D: last line of file ends without a newline
  #endif
..\Libraries\component_drivers\inc\encoder.h(28): warning:  #1-D: last line of file ends without a newline
  #endif
..\Libraries\component_drivers\inc\debug.h(16): warning:  #1-D: last line of file ends without a newline
  #endif
..\Libraries\component_drivers\inc\gpio.h(8): warning:  #1-D: last line of file ends without a newline
  #endif
..\Libraries\service_modules\inc\mpu6050.h(28): warning:  #1295-D: Deprecated declaration v_Init_Mpu6050 - give arg types
  void v_Init_Mpu6050();
..\Libraries\service_modules\inc\mpu6050.h(32): warning:  #1-D: last line of file ends without a newline
  #endif /* __MPU6050_H */
..\Libraries\service_modules\inc\kalman_filter.h(24): warning:  #1-D: last line of file ends without a newline
  #endif
..\Libraries\service_modules\inc\PID.h(19): warning:  #1-D: last line of file ends without a newline
  #endif
..\Libraries\aplication modules\inc\state_machine.h(15): warning:  #1-D: last line of file ends without a newline
  #endif
..\Libraries\service_modules\inc\PID.h(19): warning:  #1-D: last line of file ends without a newline
  #endif
..\Libraries\service_modules\src\PID.c(9): warning:  #1035-D: single-precision operand implicitly converted to double-precision
      f32_IValue = f32_PreIvalue + (f32_Error + f32_PreError) * DT_S / 2;
..\Libraries\service_modules\src\PID.c(10): warning:  #1035-D: single-precision operand implicitly converted to double-precision
      f32_DValue = (f32_Error - f32_PreError) / DT_S;
..\Libraries\service_modules\src\PID.c(64): warning:  #1-D: last line of file ends without a newline
  }
..\Libraries\service_modules\src\PID.c: 15 warnings, 0 errors
compiling state_machine.c...
..\Libraries\component_drivers\inc\i2c.h(17): warning:  #1-D: last line of file ends without a newline
  #endif
..\Libraries\component_drivers\inc\timer.h(15): warning:  #1-D: last line of file ends without a newline
  #endif
..\Libraries\component_drivers\inc\PWM.h(14): warning:  #1-D: last line of file ends without a newline
  #endif
..\Libraries\component_drivers\inc\encoder.h(28): warning:  #1-D: last line of file ends without a newline
  #endif
..\Libraries\component_drivers\inc\debug.h(16): warning:  #1-D: last line of file ends without a newline
  #endif
..\Libraries\component_drivers\inc\gpio.h(8): warning:  #1-D: last line of file ends without a newline
  #endif
..\Libraries\service_modules\inc\mpu6050.h(28): warning:  #1295-D: Deprecated declaration v_Init_Mpu6050 - give arg types
  void v_Init_Mpu6050();
..\Libraries\service_modules\inc\mpu6050.h(32): warning:  #1-D: last line of file ends without a newline
  #endif /* __MPU6050_H */
..\Libraries\service_modules\inc\kalman_filter.h(24): warning:  #1-D: last line of file ends without a newline
  #endif
..\Libraries\service_modules\inc\PID.h(19): warning:  #1-D: last line of file ends without a newline
  #endif
..\Libraries\aplication modules\inc\state_machine.h(15): warning:  #1-D: last line of file ends without a newline
  #endif
..\Libraries\aplication modules\inc\state_machine.h(15): warning:  #1-D: last line of file ends without a newline
  #endif
..\Libraries\aplication modules\src\state_machine.c(17): warning:  #223-D: function "sprintf" declared implicitly
          sprintf(txbuff,"%d\n",i32_GetPosition());
..\Libraries\aplication modules\src\state_machine.c(23): warning:  #223-D: function "sprintf" declared implicitly
          sprintf(txbuff,"%f\n",f_Velocity);
..\Libraries\aplication modules\src\state_machine.c(26): warning:  #167-D: argument of type "int8_t *" is incompatible with parameter of type "const char *"
      DMA1_Stream4->NDTR = strlen(txbuff);
..\Libraries\aplication modules\src\state_machine.c(50): warning:  #1-D: last line of file ends without a newline
  }
..\Libraries\aplication modules\src\state_machine.c: 16 warnings, 0 errors
compiling mpu6050.c...
..\Libraries\component_drivers\inc\i2c.h(17): warning:  #1-D: last line of file ends without a newline
  #endif
..\Libraries\component_drivers\inc\timer.h(15): warning:  #1-D: last line of file ends without a newline
  #endif
..\Libraries\component_drivers\inc\PWM.h(14): warning:  #1-D: last line of file ends without a newline
  #endif
..\Libraries\component_drivers\inc\encoder.h(28): warning:  #1-D: last line of file ends without a newline
  #endif
..\Libraries\component_drivers\inc\debug.h(16): warning:  #1-D: last line of file ends without a newline
  #endif
..\Libraries\component_drivers\inc\gpio.h(8): warning:  #1-D: last line of file ends without a newline
  #endif
..\Libraries\service_modules\inc\mpu6050.h(32): warning:  #1-D: last line of file ends without a newline
  #endif /* __MPU6050_H */
..\Libraries\service_modules\src\mpu6050.c: 12 warnings, 0 errors
g:  #1-D: last line of file ends without a newline
  #endif
..\Libraries\service_modules\inc\PID.h(19): warning:  #1-D: last line of file ends without a newline
  #endif
..\Libraries\aplication modules\inc\state_machine.h(15): warning:  #1-D: last line of file ends without a newline
  #endif
..\Libraries\service_modules\inc\mpu6050.h(28): warning:  #1295-D: Deprecated declaration v_Init_Mpu6050 - give arg types
  void v_Init_Mpu6050();
..\Libraries\service_modules\inc\mpu6050.h(32): warning:  #1-D: last line of file ends without a newline
  #endif /* __MPU6050_H */
compiling kalman_filter.c...
..\Libraries\component_drivers\inc\i2c.h(17): warning:  #1-D: last line of file ends without a newline
  #endif
..\Libraries\component_drivers\inc\timer.h(15): warning:  #1-D: last line of file ends without a newline
  #endif
..\Libraries\component_drivers\inc\PWM.h(14): warning:  #1-D: last line of file ends without a newline
  #endif
..\Libraries\component_drivers\inc\encoder.h(28): warning:  #1-D: last line of file ends without a newline
  #endif
..\Libraries\component_drivers\inc\debug.h(16): warning:  #1-D: last line of file ends without a newline
  #endif
..\Libraries\component_drivers\inc\gpio.h(8): warning:  #1-D: last line of file ends without a newline
  #endif
..\Libraries\service_modules\inc\mpu6050.h(28): warning:  #1295-D: Deprecated declaration v_Init_Mpu6050 - give arg types
  void v_Init_Mpu6050();
..\Libraries\service_modules\inc\PID.h(19): warning:  #1-D: last line of file ends without a newline
  #endif
..\Libraries\aplication modules\inc\state_machine.h(15): warning:  #1-D: last line of file ends without a newline
  #endif
..\Libraries\service_modules\inc\kalman_filter.h(24): warning:  #1-D: last line of file ends without a newline
  #endif
..\Libraries\service_modules\src\kalman_filter.c(42): warning:  #550-D: variable "gyroZ"  was set but never used
      double gyroX, gyroY, gyroZ;
..\Libraries\service_modules\src\kalman_filter.c(140): warning:  #177-D: function "Kalman_Filter_Init"  was declared but never referenced
  static void Kalman_Filter_Init(void) 
..\Libraries\service_modules\src\kalman_filter.c: 14 warnings, 0 errors
linking...
Program Size: Code=7960 RO-data=424 RW-data=80 ZI-data=1088  
FromELF: creating hex file...
".\Project\test.axf" - 0 Error(s), 151 Warning(s).

<h2>Software Packages used:</h2>

Package Vendor: ARM
                http://www.keil.com/pack/ARM.CMSIS.5.3.0.pack
                ARM.CMSIS.5.3.0
                CMSIS (Cortex Microcontroller Software Interface Standard)
   * Component: CORE Version: 5.1.1

Package Vendor: Keil
                http://www.keil.com/pack/Keil.STM32F4xx_DFP.2.13.0.pack
                Keil.STM32F4xx_DFP.2.13.0
                STMicroelectronics STM32F4 Series Device Support, Drivers and Examples

<h2>Collection of Component include folders:</h2>
  .\RTE\_baitaplon
  C:\Keil_v5\ARM\PACK\ARM\CMSIS\5.3.0\CMSIS\Include
  C:\Keil_v5\ARM\PACK\Keil\STM32F4xx_DFP\2.13.0\Drivers\CMSIS\Device\ST\STM32F4xx\Include

<h2>Collection of Component Files used:</h2>

   * Component: ARM::CMSIS:CORE:5.1.1
Build Time Elapsed:  00:00:06
</pre>
</body>
</html>
